// Vitest Snapshot v1, https://vitest.dev/guide/snapshot.html

exports[`renderer.Block.Math > render 1`] = `"<figure>$$a^2 + b^2 = c^2$$<figcaption>Pythagoras Theorem.</figcaption></figure>"`;

exports[`renderer.Block.Math > render two 1`] = `"<figure>$$a^2 + b^2 = c^2$$<figcaption>Pythagoras Theorem.</figcaption></figure><figure>$$a^2 + b^2 = c^2$$<figcaption>Pythagoras Theorem.</figcaption></figure>"`;
